[05-Oct-2026 16:20:50 UTC] Automatic updates starting...
[05-Oct-2026 16:20:50 UTC] Automatic updates complete.
[05-Oct-2026 16:51:53 UTC] PHP Notice:  file_get_contents(): Read of 11392 bytes failed with errno=21 Is a directory in /Users/ericamcdevitt/Studio/curbeffect-practice-site/wp-content/plugins/create-block-theme/includes/create-theme/theme-utils.php on line 88
[05-Oct-2026 16:51:53 UTC] PHP Warning:  file_put_contents(/Users/ericamcdevitt/Studio/curbeffect-practice-site/wp-content/themes/civic-starter-curbeffect/patterns): Failed to open stream: Is a directory in /Users/ericamcdevitt/Studio/curbeffect-practice-site/wp-content/plugins/create-block-theme/includes/create-theme/theme-utils.php on line 100
[05-Oct-2026 16:51:53 UTC] PHP Notice:  file_get_contents(): Read of 8640 bytes failed with errno=21 Is a directory in /Users/ericamcdevitt/Studio/curbeffect-practice-site/wp-content/plugins/create-block-theme/includes/create-theme/theme-utils.php on line 88
[05-Oct-2026 16:51:53 UTC] PHP Warning:  file_put_contents(/Users/ericamcdevitt/Studio/curbeffect-practice-site/wp-content/themes/civic-starter-curbeffect/styles): Failed to open stream: Is a directory in /Users/ericamcdevitt/Studio/curbeffect-practice-site/wp-content/plugins/create-block-theme/includes/create-theme/theme-utils.php on line 100
[05-Oct-2026 16:51:53 UTC] PHP Notice:  file_get_contents(): Read of 8384 bytes failed with errno=21 Is a directory in /Users/ericamcdevitt/Studio/curbeffect-practice-site/wp-content/plugins/create-block-theme/includes/create-theme/theme-utils.php on line 88
[05-Oct-2026 16:51:53 UTC] PHP Warning:  file_put_contents(/Users/ericamcdevitt/Studio/curbeffect-practice-site/wp-content/themes/civic-starter-curbeffect/styles/blocks): Failed to open stream: Is a directory in /Users/ericamcdevitt/Studio/curbeffect-practice-site/wp-content/plugins/create-block-theme/includes/create-theme/theme-utils.php on line 100
[05-Oct-2026 16:51:53 UTC] PHP Notice:  file_get_contents(): Read of 8416 bytes failed with errno=21 Is a directory in /Users/ericamcdevitt/Studio/curbeffect-practice-site/wp-content/plugins/create-block-theme/includes/create-theme/theme-utils.php on line 88
[05-Oct-2026 16:51:53 UTC] PHP Warning:  file_put_contents(/Users/ericamcdevitt/Studio/curbeffect-practice-site/wp-content/themes/civic-starter-curbeffect/styles/sections): Failed to open stream: Is a directory in /Users/ericamcdevitt/Studio/curbeffect-practice-site/wp-content/plugins/create-block-theme/includes/create-theme/theme-utils.php on line 100
[05-Oct-2026 16:51:53 UTC] PHP Notice:  file_get_contents(): Read of 8512 bytes failed with errno=21 Is a directory in /Users/ericamcdevitt/Studio/curbeffect-practice-site/wp-content/plugins/create-block-theme/includes/create-theme/theme-utils.php on line 88
[05-Oct-2026 16:51:53 UTC] PHP Warning:  file_put_contents(/Users/ericamcdevitt/Studio/curbeffect-practice-site/wp-content/themes/civic-starter-curbeffect/styles/colors): Failed to open stream: Is a directory in /Users/ericamcdevitt/Studio/curbeffect-practice-site/wp-content/plugins/create-block-theme/includes/create-theme/theme-utils.php on line 100
[05-Oct-2026 16:51:53 UTC] PHP Notice:  file_get_contents(): Read of 8480 bytes failed with errno=21 Is a directory in /Users/ericamcdevitt/Studio/curbeffect-practice-site/wp-content/plugins/create-block-theme/includes/create-theme/theme-utils.php on line 88
[05-Oct-2026 16:51:53 UTC] PHP Warning:  file_put_contents(/Users/ericamcdevitt/Studio/curbeffect-practice-site/wp-content/themes/civic-starter-curbeffect/styles/typography): Failed to open stream: Is a directory in /Users/ericamcdevitt/Studio/curbeffect-practice-site/wp-content/plugins/create-block-theme/includes/create-theme/theme-utils.php on line 100
[05-Oct-2026 16:51:53 UTC] PHP Notice:  file_get_contents(): Read of 8480 bytes failed with errno=21 Is a directory in /Users/ericamcdevitt/Studio/curbeffect-practice-site/wp-content/plugins/create-block-theme/includes/create-theme/theme-utils.php on line 88
[05-Oct-2026 16:51:53 UTC] PHP Warning:  file_put_contents(/Users/ericamcdevitt/Studio/curbeffect-practice-site/wp-content/themes/civic-starter-curbeffect/parts): Failed to open stream: Is a directory in /Users/ericamcdevitt/Studio/curbeffect-practice-site/wp-content/plugins/create-block-theme/includes/create-theme/theme-utils.php on line 100
[05-Oct-2026 16:51:53 UTC] PHP Notice:  file_get_contents(): Read of 8512 bytes failed with errno=21 Is a directory in /Users/ericamcdevitt/Studio/curbeffect-practice-site/wp-content/plugins/create-block-theme/includes/create-theme/theme-utils.php on line 88
[05-Oct-2026 16:51:53 UTC] PHP Warning:  file_put_contents(/Users/ericamcdevitt/Studio/curbeffect-practice-site/wp-content/themes/civic-starter-curbeffect/templates): Failed to open stream: Is a directory in /Users/ericamcdevitt/Studio/curbeffect-practice-site/wp-content/plugins/create-block-theme/includes/create-theme/theme-utils.php on line 100
[05-Oct-2026 16:51:53 UTC] PHP Notice:  file_get_contents(): Read of 8352 bytes failed with errno=21 Is a directory in /Users/ericamcdevitt/Studio/curbeffect-practice-site/wp-content/plugins/create-block-theme/includes/create-theme/theme-utils.php on line 88
[05-Oct-2026 16:51:53 UTC] PHP Warning:  file_put_contents(/Users/ericamcdevitt/Studio/curbeffect-practice-site/wp-content/themes/civic-starter-curbeffect/assets): Failed to open stream: Is a directory in /Users/ericamcdevitt/Studio/curbeffect-practice-site/wp-content/plugins/create-block-theme/includes/create-theme/theme-utils.php on line 100
[05-Oct-2026 16:51:53 UTC] PHP Notice:  file_get_contents(): Read of 8288 bytes failed with errno=21 Is a directory in /Users/ericamcdevitt/Studio/curbeffect-practice-site/wp-content/plugins/create-block-theme/includes/create-theme/theme-utils.php on line 88
[05-Oct-2026 16:51:53 UTC] PHP Warning:  file_put_contents(/Users/ericamcdevitt/Studio/curbeffect-practice-site/wp-content/themes/civic-starter-curbeffect/assets/css): Failed to open stream: Is a directory in /Users/ericamcdevitt/Studio/curbeffect-practice-site/wp-content/plugins/create-block-theme/includes/create-theme/theme-utils.php on line 100
[05-Oct-2026 16:51:53 UTC] PHP Notice:  file_get_contents(): Read of 9408 bytes failed with errno=21 Is a directory in /Users/ericamcdevitt/Studio/curbeffect-practice-site/wp-content/plugins/create-block-theme/includes/create-theme/theme-utils.php on line 88
[05-Oct-2026 16:51:53 UTC] PHP Warning:  file_put_contents(/Users/ericamcdevitt/Studio/curbeffect-practice-site/wp-content/themes/civic-starter-curbeffect/assets/images): Failed to open stream: Is a directory in /Users/ericamcdevitt/Studio/curbeffect-practice-site/wp-content/plugins/create-block-theme/includes/create-theme/theme-utils.php on line 100
[05-Oct-2026 16:51:53 UTC] PHP Notice:  file_get_contents(): Read of 8544 bytes failed with errno=21 Is a directory in /Users/ericamcdevitt/Studio/curbeffect-practice-site/wp-content/plugins/create-block-theme/includes/create-theme/theme-utils.php on line 88
[05-Oct-2026 16:51:53 UTC] PHP Warning:  file_put_contents(/Users/ericamcdevitt/Studio/curbeffect-practice-site/wp-content/themes/civic-starter-curbeffect/assets/fonts): Failed to open stream: Is a directory in /Users/ericamcdevitt/Studio/curbeffect-practice-site/wp-content/plugins/create-block-theme/includes/create-theme/theme-utils.php on line 100
[05-Oct-2026 16:51:53 UTC] PHP Notice:  file_get_contents(): Read of 8320 bytes failed with errno=21 Is a directory in /Users/ericamcdevitt/Studio/curbeffect-practice-site/wp-content/plugins/create-block-theme/includes/create-theme/theme-utils.php on line 88
[05-Oct-2026 16:51:53 UTC] PHP Warning:  file_put_contents(/Users/ericamcdevitt/Studio/curbeffect-practice-site/wp-content/themes/civic-starter-curbeffect/assets/fonts/platypi): Failed to open stream: Is a directory in /Users/ericamcdevitt/Studio/curbeffect-practice-site/wp-content/plugins/create-block-theme/includes/create-theme/theme-utils.php on line 100
[05-Oct-2026 16:51:53 UTC] PHP Notice:  file_get_contents(): Read of 8832 bytes failed with errno=21 Is a directory in /Users/ericamcdevitt/Studio/curbeffect-practice-site/wp-content/plugins/create-block-theme/includes/create-theme/theme-utils.php on line 88
[05-Oct-2026 16:51:53 UTC] PHP Warning:  file_put_contents(/Users/ericamcdevitt/Studio/curbeffect-practice-site/wp-content/themes/civic-starter-curbeffect/assets/fonts/fira-sans): Failed to open stream: Is a directory in /Users/ericamcdevitt/Studio/curbeffect-practice-site/wp-content/plugins/create-block-theme/includes/create-theme/theme-utils.php on line 100
[05-Oct-2026 16:51:53 UTC] PHP Notice:  file_get_contents(): Read of 8288 bytes failed with errno=21 Is a directory in /Users/ericamcdevitt/Studio/curbeffect-practice-site/wp-content/plugins/create-block-theme/includes/create-theme/theme-utils.php on line 88
[05-Oct-2026 16:51:53 UTC] PHP Warning:  file_put_contents(/Users/ericamcdevitt/Studio/curbeffect-practice-site/wp-content/themes/civic-starter-curbeffect/assets/fonts/fira-code): Failed to open stream: Is a directory in /Users/ericamcdevitt/Studio/curbeffect-practice-site/wp-content/plugins/create-block-theme/includes/create-theme/theme-utils.php on line 100
[05-Oct-2026 16:51:53 UTC] PHP Notice:  file_get_contents(): Read of 8320 bytes failed with errno=21 Is a directory in /Users/ericamcdevitt/Studio/curbeffect-practice-site/wp-content/plugins/create-block-theme/includes/create-theme/theme-utils.php on line 88
[05-Oct-2026 16:51:53 UTC] PHP Warning:  file_put_contents(/Users/ericamcdevitt/Studio/curbeffect-practice-site/wp-content/themes/civic-starter-curbeffect/assets/fonts/ysabeau-office): Failed to open stream: Is a directory in /Users/ericamcdevitt/Studio/curbeffect-practice-site/wp-content/plugins/create-block-theme/includes/create-theme/theme-utils.php on line 100
[05-Oct-2026 16:51:53 UTC] PHP Notice:  file_get_contents(): Read of 8320 bytes failed with errno=21 Is a directory in /Users/ericamcdevitt/Studio/curbeffect-practice-site/wp-content/plugins/create-block-theme/includes/create-theme/theme-utils.php on line 88
[05-Oct-2026 16:51:53 UTC] PHP Warning:  file_put_contents(/Users/ericamcdevitt/Studio/curbeffect-practice-site/wp-content/themes/civic-starter-curbeffect/assets/fonts/vollkorn): Failed to open stream: Is a directory in /Users/ericamcdevitt/Studio/curbeffect-practice-site/wp-content/plugins/create-block-theme/includes/create-theme/theme-utils.php on line 100
[05-Oct-2026 16:51:53 UTC] PHP Notice:  file_get_contents(): Read of 8288 bytes failed with errno=21 Is a directory in /Users/ericamcdevitt/Studio/curbeffect-practice-site/wp-content/plugins/create-block-theme/includes/create-theme/theme-utils.php on line 88
[05-Oct-2026 16:51:53 UTC] PHP Warning:  file_put_contents(/Users/ericamcdevitt/Studio/curbeffect-practice-site/wp-content/themes/civic-starter-curbeffect/assets/fonts/manrope): Failed to open stream: Is a directory in /Users/ericamcdevitt/Studio/curbeffect-practice-site/wp-content/plugins/create-block-theme/includes/create-theme/theme-utils.php on line 100
[05-Oct-2026 16:51:53 UTC] PHP Notice:  file_get_contents(): Read of 8288 bytes failed with errno=21 Is a directory in /Users/ericamcdevitt/Studio/curbeffect-practice-site/wp-content/plugins/create-block-theme/includes/create-theme/theme-utils.php on line 88
[05-Oct-2026 16:51:53 UTC] PHP Warning:  file_put_contents(/Users/ericamcdevitt/Studio/curbeffect-practice-site/wp-content/themes/civic-starter-curbeffect/assets/fonts/roboto-slab): Failed to open stream: Is a directory in /Users/ericamcdevitt/Studio/curbeffect-practice-site/wp-content/plugins/create-block-theme/includes/create-theme/theme-utils.php on line 100
[05-Oct-2026 16:51:53 UTC] PHP Notice:  file_get_contents(): Read of 8768 bytes failed with errno=21 Is a directory in /Users/ericamcdevitt/Studio/curbeffect-practice-site/wp-content/plugins/create-block-theme/includes/create-theme/theme-utils.php on line 88
[05-Oct-2026 16:51:53 UTC] PHP Warning:  file_put_contents(/Users/ericamcdevitt/Studio/curbeffect-practice-site/wp-content/themes/civic-starter-curbeffect/assets/fonts/literata): Failed to open stream: Is a directory in /Users/ericamcdevitt/Studio/curbeffect-practice-site/wp-content/plugins/create-block-theme/includes/create-theme/theme-utils.php on line 100
[05-Oct-2026 16:51:53 UTC] PHP Notice:  file_get_contents(): Read of 8288 bytes failed with errno=21 Is a directory in /Users/ericamcdevitt/Studio/curbeffect-practice-site/wp-content/plugins/create-block-theme/includes/create-theme/theme-utils.php on line 88
[05-Oct-2026 16:51:53 UTC] PHP Warning:  file_put_contents(/Users/ericamcdevitt/Studio/curbeffect-practice-site/wp-content/themes/civic-starter-curbeffect/assets/fonts/beiruti): Failed to open stream: Is a directory in /Users/ericamcdevitt/Studio/curbeffect-practice-site/wp-content/plugins/create-block-theme/includes/create-theme/theme-utils.php on line 100
